// Vitest Snapshot v1, https://vitest.dev/guide/snapshot.html

exports[`HomePage > should render a NavBar component, a header and a paragraph 1`] = `
<div>
  <nav>
    <a
      data-discover="true"
      href="/"
    >
      Home
    </a>
    <a
      data-discover="true"
      href="/shop"
    >
      Shop
    </a>
    <span
      role="textbox"
    >
      Your cart currently has 
      0
       items. 
    </span>
  </nav>
  <h1>
    Welcome to this incredible service that doesn't expire!
  </h1>
  <p>
    This is just a fac-simile for an e-commerce site. Feel Free to navigate the pages via the links above and take a look!
  </p>
</div>
`;
